[template.gentechtreedesign.com/html/streamlab/intro/intro.html]
[backblue.gif]
[fade.gif]
[index.html]
[template.gentechtreedesign.com/html/streamlab/intro/images/Logo-2.png]
[template.gentechtreedesign.com/html/streamlab/intro/images/asset-54.jpg]
[template.gentechtreedesign.com/html/streamlab/intro/rev-slider/assets/transparent.png]
[template.gentechtreedesign.com/html/streamlab/intro/rev-slider/assets/2-4.jpg]
[template.gentechtreedesign.com/html/streamlab/intro/rev-slider/assets/Logo-2.png]
[template.gentechtreedesign.com/html/streamlab/intro/rev-slider/assets/1-5.jpg]
[template.gentechtreedesign.com/html/streamlab/intro/rev-slider/assets/2-5.jpg]
[template.gentechtreedesign.com/html/streamlab/intro/rev-slider/assets/Tv.png]
[template.gentechtreedesign.com/html/streamlab/intro/rev-slider/assets/Popcorn.png]
[template.gentechtreedesign.com/html/streamlab/intro/images/clients-img-1.png]
[template.gentechtreedesign.com/html/streamlab/intro/images/clients-img-2.png]
[template.gentechtreedesign.com/html/streamlab/intro/images/clients-img-3.png]
[template.gentechtreedesign.com/html/streamlab/intro/images/clients-img-4.png]
[template.gentechtreedesign.com/html/streamlab/intro/images/clients-img-6.png]
[template.gentechtreedesign.com/html/streamlab/intro/images/asset-5.jpg]
[template.gentechtreedesign.com/html/streamlab/intro/images/asset-6.jpg]
[template.gentechtreedesign.com/html/streamlab/intro/images/asset-1.jpg]
[template.gentechtreedesign.com/html/streamlab/intro/images/asset-2.jpg]
[template.gentechtreedesign.com/html/streamlab/intro/images/asset-3.jpg]
[template.gentechtreedesign.com/html/streamlab/intro/images/asset-4.jpg]
[template.gentechtreedesign.com/html/streamlab/intro/images/coming-soon.png]
[template.gentechtreedesign.com/html/streamlab/intro/images/Responsive-1.png]
[template.gentechtreedesign.com/html/streamlab/intro/images/blog-img-2.jpg]
[template.gentechtreedesign.com/html/streamlab/intro/images/blog-img-3.jpg]
[template.gentechtreedesign.com/html/streamlab/intro/images/1.png]
[template.gentechtreedesign.com/html/streamlab/intro/images/W3c_landing.png]
[template.gentechtreedesign.com/html/streamlab/intro/images/3.png]
[template.gentechtreedesign.com/html/streamlab/intro/images/4.png]
[template.gentechtreedesign.com/html/streamlab/intro/images/5.png]
[template.gentechtreedesign.com/html/streamlab/intro/images/6.png]
[template.gentechtreedesign.com/html/streamlab/intro/images/7.png]
[template.gentechtreedesign.com/html/streamlab/intro/images/8.png]
[template.gentechtreedesign.com/html/streamlab/intro/images/c7_landing.png]
[template.gentechtreedesign.com/html/streamlab/intro/images/10.png]
[template.gentechtreedesign.com/html/streamlab/intro/images/11.png]
[template.gentechtreedesign.com/html/streamlab/intro/images/12.png]
[template.gentechtreedesign.com/html/streamlab/intro/images/13.png]
[template.gentechtreedesign.com/html/streamlab/intro/images/14.png]
[template.gentechtreedesign.com/html/streamlab/intro/images/15.png]
[template.gentechtreedesign.com/html/streamlab/intro/js/jquery-3.5.1.min.js]
[template.gentechtreedesign.com/html/streamlab/intro/js/asyncloader.min.js]
[template.gentechtreedesign.com/html/streamlab/intro/js/bootstrap.min.js]
[template.gentechtreedesign.com/html/streamlab/intro/js/owl.carousel.min.js]
[template.gentechtreedesign.com/html/streamlab/intro/js/jquery.waypoints.min.js]
[template.gentechtreedesign.com/html/streamlab/intro/js/jquery.counterup.min.js]
[template.gentechtreedesign.com/html/streamlab/intro/js/popper.min.js]
[template.gentechtreedesign.com/html/streamlab/intro/js/swiper-bundle.min.js]
[template.gentechtreedesign.com/html/streamlab/intro/js/isotope.pkgd.min.js]
[template.gentechtreedesign.com/html/streamlab/intro/js/slick.min.js]
[template.gentechtreedesign.com/html/streamlab/intro/rev-slider/js/rbtools.min.js]
[template.gentechtreedesign.com/html/streamlab/intro/rev-slider/js/rs6.min.js]
[template.gentechtreedesign.com/html/streamlab/intro/js/rev-custom.js]
[template.gentechtreedesign.com/html/streamlab/intro/js/streamlab-core.js]
[template.gentechtreedesign.com/html/streamlab/intro/js/script.js]
[template.gentechtreedesign.com/html/streamlab/intro/intro.html]
[template.gentechtreedesign.com/html/streamlab/intro/css/bootstrap.min.css]
[template.gentechtreedesign.com/html/streamlab/intro/rev-slider/fonts/revicons/revicons90c6.eot]
[template.gentechtreedesign.com/html/streamlab/intro/rev-slider/fonts/revicons/revicons90c6.woff]
[template.gentechtreedesign.com/html/streamlab/intro/rev-slider/fonts/revicons/revicons90c6.ttf]
[template.gentechtreedesign.com/html/streamlab/intro/rev-slider/css/rs6.css]
[template.gentechtreedesign.com/html/streamlab/intro/css/style.css]
[template.gentechtreedesign.com/html/streamlab/intro/css/responsive.css]
[template.gentechtreedesign.com/html/streamlab/intro/rev-slider/fonts/revicons/revicons90c6.svg]
[template.gentechtreedesign.com/html/streamlab/intro/rev-slider/css/openhand.html]
[template.gentechtreedesign.com/html/streamlab/intro/rev-slider/css/closedhand.html]
[template.gentechtreedesign.com/html/streamlab/intro/rev-slider/assets/gridtile.html]
[template.gentechtreedesign.com/html/streamlab/intro/rev-slider/assets/gridtile_white.html]
[template.gentechtreedesign.com/html/streamlab/intro/rev-slider/assets/gridtile_3x3.html]
[template.gentechtreedesign.com/html/streamlab/intro/rev-slider/assets/gridtile_3x3_white.html]
[template.gentechtreedesign.com/html/streamlab/intro/rev-slider/assets/coloredbg.html]
[template.gentechtreedesign.com/html/streamlab/intro/rev-slider/assets/loader.html]
[template.gentechtreedesign.com/html/streamlab/intro/css/jquery.mCustomScrollbar.min.css]
[template.gentechtreedesign.com/html/streamlab/intro/fonts/fa-brands-400.eot]
[template.gentechtreedesign.com/html/streamlab/intro/fonts/fa-brands-400.woff2]
[template.gentechtreedesign.com/html/streamlab/intro/fonts/fa-brands-400d41d.eot]
[template.gentechtreedesign.com/html/streamlab/intro/fonts/fa-brands-400.woff]
[template.gentechtreedesign.com/html/streamlab/intro/fonts/fa-brands-400.ttf]
[template.gentechtreedesign.com/html/streamlab/intro/fonts/fa-regular-400.eot]
[template.gentechtreedesign.com/html/streamlab/intro/fonts/fa-regular-400d41d.eot]
[template.gentechtreedesign.com/html/streamlab/intro/fonts/fa-regular-400.woff2]
[template.gentechtreedesign.com/html/streamlab/intro/fonts/fa-regular-400.woff]
[template.gentechtreedesign.com/html/streamlab/intro/fonts/fa-regular-400.ttf]
[template.gentechtreedesign.com/html/streamlab/intro/fonts/fa-solid-900.eot]
[template.gentechtreedesign.com/html/streamlab/intro/fonts/fa-solid-900.woff2]
[template.gentechtreedesign.com/html/streamlab/intro/fonts/fa-solid-900d41d.eot]
[template.gentechtreedesign.com/html/streamlab/intro/fonts/fa-solid-900.woff]
[template.gentechtreedesign.com/html/streamlab/intro/fonts/fa-solid-900.ttf]
[template.gentechtreedesign.com/html/streamlab/intro/css/all.min.css]
[template.gentechtreedesign.com/html/streamlab/intro/css/fontawesome.min.css]
[template.gentechtreedesign.com/html/streamlab/intro/css/flaticon/fonts/ionicons.eot]
[template.gentechtreedesign.com/html/streamlab/intro/css/flaticon/fonts/ionicons.ttf]
[template.gentechtreedesign.com/html/streamlab/intro/css/flaticon/fonts/ionicons.woff]
[template.gentechtreedesign.com/html/streamlab/intro/css/ionicons.min.css]
[template.gentechtreedesign.com/html/streamlab/intro/css/slick.min.css]
[template.gentechtreedesign.com/html/streamlab/intro/css/owl.carousel.min.css]
[template.gentechtreedesign.com/html/streamlab/intro/css/mCSB_buttons.html]
[template.gentechtreedesign.com/html/streamlab/intro/fonts/fa-brands-400.svg]
[template.gentechtreedesign.com/html/streamlab/intro/fonts/fa-regular-400.svg]
[template.gentechtreedesign.com/html/streamlab/intro/fonts/fa-solid-900.svg]
[template.gentechtreedesign.com/html/streamlab/intro/fonts/ionicons.html]
[template.gentechtreedesign.com/html/streamlab/intro/css/owl.video.play.html]
